// Jest Snapshot v1, https://goo.gl/fbAQLP

exports[`Characters renders all characters 1`] = `
Object {
  "asFragment": [Function],
  "baseElement": <body>
    <div>
      <ul
        aria-label="characters"
        class="list"
      >
        <li
          class="item"
        >
          <a
            href="/characters/1"
          >
            <figure>
              <img
                alt="Rick Sanchez"
                class="image"
                src="https://rickandmortyapi.com/api/character/avatar/1.jpeg"
              />
              <figcaption
                class="linkText"
              >
                Rick Sanchez
              </figcaption>
            </figure>
          </a>
        </li>
        <li
          class="item"
        >
          <a
            href="/characters/2"
          >
            <figure>
              <img
                alt="Morty Smith"
                class="image"
                src="https://rickandmortyapi.com/api/character/avatar/2.jpeg"
              />
              <figcaption
                class="linkText"
              >
                Morty Smith
              </figcaption>
            </figure>
          </a>
        </li>
      </ul>
    </div>
  </body>,
  "container": <div>
    <ul
      aria-label="characters"
      class="list"
    >
      <li
        class="item"
      >
        <a
          href="/characters/1"
        >
          <figure>
            <img
              alt="Rick Sanchez"
              class="image"
              src="https://rickandmortyapi.com/api/character/avatar/1.jpeg"
            />
            <figcaption
              class="linkText"
            >
              Rick Sanchez
            </figcaption>
          </figure>
        </a>
      </li>
      <li
        class="item"
      >
        <a
          href="/characters/2"
        >
          <figure>
            <img
              alt="Morty Smith"
              class="image"
              src="https://rickandmortyapi.com/api/character/avatar/2.jpeg"
            />
            <figcaption
              class="linkText"
            >
              Morty Smith
            </figcaption>
          </figure>
        </a>
      </li>
    </ul>
  </div>,
  "debug": [Function],
  "findAllByAltText": [Function],
  "findAllByDisplayValue": [Function],
  "findAllByLabelText": [Function],
  "findAllByPlaceholderText": [Function],
  "findAllByRole": [Function],
  "findAllByTestId": [Function],
  "findAllByText": [Function],
  "findAllByTitle": [Function],
  "findByAltText": [Function],
  "findByDisplayValue": [Function],
  "findByLabelText": [Function],
  "findByPlaceholderText": [Function],
  "findByRole": [Function],
  "findByTestId": [Function],
  "findByText": [Function],
  "findByTitle": [Function],
  "getAllByAltText": [Function],
  "getAllByDisplayValue": [Function],
  "getAllByLabelText": [Function],
  "getAllByPlaceholderText": [Function],
  "getAllByRole": [Function],
  "getAllByTestId": [Function],
  "getAllByText": [Function],
  "getAllByTitle": [Function],
  "getByAltText": [Function],
  "getByDisplayValue": [Function],
  "getByLabelText": [Function],
  "getByPlaceholderText": [Function],
  "getByRole": [Function],
  "getByTestId": [Function],
  "getByText": [Function],
  "getByTitle": [Function],
  "queryAllByAltText": [Function],
  "queryAllByDisplayValue": [Function],
  "queryAllByLabelText": [Function],
  "queryAllByPlaceholderText": [Function],
  "queryAllByRole": [Function],
  "queryAllByTestId": [Function],
  "queryAllByText": [Function],
  "queryAllByTitle": [Function],
  "queryByAltText": [Function],
  "queryByDisplayValue": [Function],
  "queryByLabelText": [Function],
  "queryByPlaceholderText": [Function],
  "queryByRole": [Function],
  "queryByTestId": [Function],
  "queryByText": [Function],
  "queryByTitle": [Function],
  "rerender": [Function],
  "unmount": [Function],
}
`;
